

Thu Mar 10 15:07:12 2022
Command line: TestDisk

TestDisk 7.1, Data Recovery Utility, July 2019
Christophe GRENIER <grenier@cgsecurity.org>
https://www.cgsecurity.org
OS: Linux, kernel 5.13.0-30-generic (#33~20.04.1-Ubuntu SMP Mon Feb 7 14:25:10 UTC 2022) x86_64
Compiler: GCC 9.2
ext2fs lib: 1.45.5, ntfs lib: libntfs-3g, reiserfs lib: none, ewf lib: none, curses lib: ncurses 6.1
User is not root!
Hard disk list


TestDisk exited normally.
Using locale 'en_US.UTF-8'.


Thu Mar 10 15:07:12 2022
Command line: TestDisk /debug

TestDisk 7.1, Data Recovery Utility, July 2019
Christophe GRENIER <grenier@cgsecurity.org>
https://www.cgsecurity.org
OS: Linux, kernel 5.13.0-30-generic (#33~20.04.1-Ubuntu SMP Mon Feb 7 14:25:10 UTC 2022) x86_64
Compiler: GCC 9.2
ext2fs lib: 1.45.5, ntfs lib: libntfs-3g, reiserfs lib: none, ewf lib: none, curses lib: ncurses 6.1
Warning: can't get size for Disk /dev/mapper/control - 0 B - 0 sectors, sector size=512
Hard disk list
Disk /dev/loop0 - 391 MB / 373 MiB - 765496 sectors (RO), sector size=512
Disk /dev/loop1 - 4096 B - 8 sectors (RO), sector size=512
Disk /dev/loop10 - 259 MB / 247 MiB - 507712 sectors (RO), sector size=512
Disk /dev/loop11 - 260 MB / 248 MiB - 509456 sectors (RO), sector size=512
Disk /dev/loop12 - 53 MB / 50 MiB - 104360 sectors (RO), sector size=512
Disk /dev/loop13 - 223 MB / 212 MiB - 435848 sectors (RO), sector size=512
Disk /dev/loop14 - 229 MB / 219 MiB - 448512 sectors (RO), sector size=512
Disk /dev/loop15 - 229 MB / 219 MiB - 448512 sectors (RO), sector size=512
Disk /dev/loop16 - 64 MB / 61 MiB - 126752 sectors (RO), sector size=512
Disk /dev/loop17 - 64 MB / 61 MiB - 126760 sectors (RO), sector size=512
Disk /dev/loop18 - 325 MB / 310 MiB - 636528 sectors (RO), sector size=512
Disk /dev/loop2 - 58 MB / 55 MiB - 113640 sectors (RO), sector size=512
Disk /dev/loop3 - 67 MB / 64 MiB - 132648 sectors (RO), sector size=512
Disk /dev/loop4 - 56 MB / 54 MiB - 111080 sectors (RO), sector size=512
Disk /dev/loop5 - 116 MB / 110 MiB - 226912 sectors (RO), sector size=512
Disk /dev/loop6 - 58 MB / 55 MiB - 113680 sectors (RO), sector size=512
Disk /dev/loop7 - 223 MB / 212 MiB - 435840 sectors (RO), sector size=512
Disk /dev/loop8 - 68 MB / 65 MiB - 133552 sectors (RO), sector size=512
Disk /dev/loop9 - 45 MB / 43 MiB - 89264 sectors (RO), sector size=512
Disk /dev/nvme0n1 - 512 GB / 476 GiB - CHS 488386 64 32, sector size=512

Partition table type defaults to Intel
Media is opened in read-only.
Disk /dev/loop10 - 259 MB / 247 MiB (RO)
Partition table type: Intel

Interface Advanced
New options :
 Dump : Yes
 Align partition: Yes
 Expert mode : Yes

Interface Advanced

Interface Advanced

Interface Advanced

Interface Advanced

Analyse Disk /dev/loop10 - 259 MB / 247 MiB - 507712 sectors (RO)
Current partition structure:

Partition sector doesn't have the endmark 0xAA55

search_part()
Disk /dev/loop10 - 259 MB / 247 MiB - 507712 sectors (RO)

Results

interface_write()
 
No partition found or selected for recovery

search_part()
Disk /dev/loop10 - 259 MB / 247 MiB - 507712 sectors (RO)
Search for partition aborted

Results

interface_write()
 
No partition found or selected for recovery
simulate write!

write_mbr_i386: starting...
Store new MBR code
write_all_log_i386: starting...
No extended partition

Analyse Disk /dev/loop10 - 259 MB / 247 MiB - 507712 sectors (RO)
Current partition structure:

Partition sector doesn't have the endmark 0xAA55

search_part()
Disk /dev/loop10 - 259 MB / 247 MiB - 507712 sectors (RO)

Results
